{{header}}

provision:
{{aadAppCreate}}

{{teamsAppCreate}}

  - uses: script # Set env for local launch
    with:
      run:
        echo "::set-teamsfx-env PROVISIONOUTPUT__FRONTENDHOSTINGOUTPUT__DOMAIN=localhost:53000";
        echo "::set-teamsfx-env PROVISIONOUTPUT__FRONTENDHOSTINGOUTPUT__ENDPOINT=https://localhost:53000";
        echo "::set-teamsfx-env PROVISIONOUTPUT__FRONTENDHOSTINGOUTPUT__INDEXPATH=/index.html#";

{{aadAppUpdate}}

{{localTeamsAppUpdate}}

deploy:
  # Install development tool(s)
  - uses: devTool/install
    with:
      devCert:
        trust: true
      dotnet: true
    # Write the information of installed development tool(s) into environment
    # file for the specified environment variable(s).
    writeToEnvironmentFile:
      sslCertFile: SSL_CRT_FILE
      sslKeyFile: SSL_KEY_FILE
      dotnetPath: DOTNET_PATH

  # Run npm command
  - uses: cli/runNpmCommand
    with:
      args: install -D env-cmd
      workingDirectory: .

  # Generate runtime environment variables
  - uses: file/createOrUpdateEnvironmentFile
    with:
      target: ./tabs/.localConfigs
      envs:
        BROWSER: none
        HTTPS: true
        PORT: 53000
        SSL_CRT_FILE: $\{{SSL_CRT_FILE}}
        SSL_KEY_FILE: $\{{SSL_KEY_FILE}}
        REACT_APP_CLIENT_ID: $\{{AAD_APP_CLIENT_ID}}
        REACT_APP_START_LOGIN_PAGE_URL: $\{{PROVISIONOUTPUT__FRONTENDHOSTINGOUTPUT__ENDPOINT}}/auth-start.html
        REACT_APP_TEAMSFX_ENDPOINT: http://localhost:55000

  # Generate runtime appsettings to JSON file
  - uses: file/createOrUpdateJsonFile
    with:
      target: SIMPLE_AUTH_APPSETTINGS_PATH
      appsettings:
        CLIENT_ID: $\{{AAD_APP_CLIENT_ID}}
        CLIENT_SECRET: $\{{SECRET_AAD_APP_CLIENT_SECRET}}
        IDENTIFIER_URI: api://$\{{PROVISIONOUTPUT__FRONTENDHOSTINGOUTPUT__DOMAIN}}/$\{{AAD_APP_CLIENT_ID}}
        AAD_METADATA_ADDRESS: $\{{AAD_APP_OAUTH_AUTHORITY}}/v2.0/.well-known/openid-configuration
        OAUTH_AUTHORITY: $\{{AAD_APP_OAUTH_AUTHORITY}}
        TAB_APP_ENDPOINT: $\{{PROVISIONOUTPUT__FRONTENDHOSTINGOUTPUT__ENDPOINT}}
        ALLOWED_APP_IDS: 1fec8e78-bce4-4aaf-ab1b-5451cc387264;5e3ce6c0-2b1f-4285-8d4b-75ee78787346;0ec893e0-5785-4de6-99da-4ed124e5296c;4345a7b9-9a63-4910-a426-35363201d503;4765445b-32c6-49b0-83e6-1d93765276ca;d3590ed6-52b3-4102-aeff-aad2292ab01c;00000002-0000-0ff1-ce00-000000000000;bc59ab01-8403-45c6-8796-ac3ef710b3e3;27922004-5251-4030-b22d-91ecd9a37ea4
        URLS: http://localhost:55000

